\BOOKMARK [0][]{section*.1}{\376\377\000L\000i\000s\000t\000\040\000o\000f\000\040\000T\000a\000b\000l\000e\000s}{}% 1
\BOOKMARK [0][]{section*.2}{\376\377\000L\000i\000s\000t\000\040\000o\000f\000\040\000F\000i\000g\000u\000r\000e\000s}{}% 2
\BOOKMARK [0][]{section*.3}{\376\377\000G\000l\000o\000s\000s\000a\000r\000y}{}% 3
\BOOKMARK [0][]{chapter.1}{\376\377\000I\000n\000t\000r\000o\000d\000u\000z\000i\000o\000n\000e}{}% 4
\BOOKMARK [0][]{chapter.2}{\376\377\000B\000i\000o\000l\000o\000g\000i\000c\000a\000l\000\040\000a\000n\000d\000\040\000E\000p\000i\000g\000e\000n\000e\000t\000i\000c\000\040\000B\000a\000c\000k\000g\000r\000o\000u\000n\000d}{}% 5
\BOOKMARK [1][]{section.2.1}{\376\377\000B\000r\000e\000a\000s\000t\000\040\000C\000a\000n\000c\000e\000r\000:\000\040\000E\000p\000i\000d\000e\000m\000i\000o\000l\000o\000g\000y\000\040\000a\000n\000d\000\040\000M\000o\000l\000e\000c\000u\000l\000a\000r\000\040\000S\000u\000b\000t\000y\000p\000e\000s}{chapter.2}% 6
\BOOKMARK [1][]{section.2.2}{\376\377\000T\000h\000e\000\040\000H\000a\000l\000l\000m\000a\000r\000k\000s\000\040\000F\000r\000a\000m\000e\000w\000o\000r\000k\000\040\000a\000n\000d\000\040\000E\000p\000i\000g\000e\000n\000e\000t\000i\000c\000\040\000R\000e\000p\000r\000o\000g\000r\000a\000m\000m\000i\000n\000g}{chapter.2}% 7
\BOOKMARK [1][]{section.2.3}{\376\377\000D\000N\000A\000\040\000M\000e\000t\000h\000y\000l\000a\000t\000i\000o\000n\000:\000\040\000M\000e\000c\000h\000a\000n\000i\000s\000m\000\040\000a\000n\000d\000\040\000G\000e\000n\000o\000m\000i\000c\000\040\000A\000r\000c\000h\000i\000t\000e\000c\000t\000u\000r\000e}{chapter.2}% 8
\BOOKMARK [2][]{subsection.2.3.1}{\376\377\000C\000p\000G\000\040\000I\000s\000l\000a\000n\000d\000s\000,\000\040\000S\000h\000o\000r\000e\000s\000,\000\040\000S\000h\000e\000l\000v\000e\000s\000,\000\040\000a\000n\000d\000\040\000O\000p\000e\000n\000\040\000S\000e\000a}{section.2.3}% 9
\BOOKMARK [2][]{subsection.2.3.2}{\376\377\000G\000e\000n\000o\000m\000i\000c\000\040\000P\000o\000s\000i\000t\000i\000o\000n\000\040\000D\000e\000t\000e\000r\000m\000i\000n\000e\000s\000\040\000t\000h\000e\000\040\000F\000u\000n\000c\000t\000i\000o\000n\000a\000l\000\040\000C\000o\000n\000s\000e\000q\000u\000e\000n\000c\000e\000\040\000o\000f\000\040\000M\000e\000t\000h\000y\000l\000a\000t\000i\000o\000n}{section.2.3}% 10
\BOOKMARK [1][]{section.2.4}{\376\377\000E\000p\000i\000g\000e\000n\000e\000t\000i\000c\000\040\000A\000l\000t\000e\000r\000a\000t\000i\000o\000n\000s\000\040\000i\000n\000\040\000C\000a\000n\000c\000e\000r\000:\000\040\000T\000o\000o\000\040\000M\000u\000c\000h\000\040\000a\000n\000d\000\040\000T\000o\000o\000\040\000L\000i\000t\000t\000l\000e}{chapter.2}% 11
\BOOKMARK [1][]{section.2.5}{\376\377\000E\000p\000i\000g\000e\000n\000e\000t\000i\000c\000\040\000D\000r\000i\000f\000t\000,\000\040\000A\000g\000i\000n\000g\000,\000\040\000a\000n\000d\000\040\000C\000a\000n\000c\000e\000r\000\040\000R\000i\000s\000k}{chapter.2}% 12
\BOOKMARK [1][]{section.2.6}{\376\377\000F\000i\000e\000l\000d\000\040\000C\000a\000n\000c\000e\000r\000i\000z\000a\000t\000i\000o\000n\000:\000\040\000T\000h\000e\000\040\000C\000o\000n\000c\000e\000p\000t\000\040\000a\000n\000d\000\040\000I\000t\000s\000\040\000E\000p\000i\000g\000e\000n\000e\000t\000i\000c\000\040\000B\000a\000s\000i\000s}{chapter.2}% 13
\BOOKMARK [1][]{section.2.7}{\376\377\000D\000i\000f\000f\000e\000r\000e\000n\000t\000i\000a\000l\000\040\000V\000a\000r\000i\000a\000b\000i\000l\000i\000t\000y\000\040\000a\000s\000\040\000a\000\040\000S\000t\000a\000t\000i\000s\000t\000i\000c\000a\000l\000\040\000P\000a\000r\000a\000d\000i\000g\000m}{chapter.2}% 14
\BOOKMARK [1][]{section.2.8}{\376\377\000T\000h\000e\000\040\000N\000o\000r\000m\000a\000l\040\023\000A\000d\000j\000a\000c\000e\000n\000t\040\023\000T\000u\000m\000o\000r\000\040\000A\000x\000i\000s\000\040\000a\000s\000\040\000a\000n\000\040\000A\000n\000a\000l\000y\000t\000i\000c\000a\000l\000\040\000F\000r\000a\000m\000e\000w\000o\000r\000k}{chapter.2}% 15
\BOOKMARK [0][]{chapter.3}{\376\377\000D\000a\000t\000a\000\040\000P\000r\000e\000p\000a\000r\000a\000t\000i\000o\000n\000\040\000a\000n\000d\000\040\000E\000x\000p\000l\000o\000r\000a\000t\000o\000r\000y\000\040\000A\000n\000a\000l\000y\000s\000i\000s}{}% 16
\BOOKMARK [1][]{section.3.1}{\376\377\000M\000e\000t\000h\000o\000d\000o\000l\000o\000g\000i\000c\000a\000l\000\040\000O\000b\000j\000e\000c\000t\000i\000v\000e\000s}{chapter.3}% 17
\BOOKMARK [1][]{section.3.2}{\376\377\000D\000a\000t\000a\000s\000e\000t\000\040\000C\000o\000n\000s\000t\000r\000u\000c\000t\000i\000o\000n\000,\000\040\000M\000e\000t\000a\000d\000a\000t\000a\000\040\000I\000n\000t\000e\000g\000r\000a\000t\000i\000o\000n\000,\000\040\000a\000n\000d\000\040\000D\000a\000t\000a\000\040\000O\000r\000g\000a\000n\000i\000z\000a\000t\000i\000o\000n}{chapter.3}% 18
\BOOKMARK [2][]{subsection.3.2.1}{\376\377\000D\000a\000t\000a\000\040\000S\000o\000u\000r\000c\000e\000s\000\040\000a\000n\000d\000\040\000S\000t\000u\000d\000y\000\040\000D\000e\000s\000i\000g\000n}{section.3.2}% 19
\BOOKMARK [2][]{subsection.3.2.2}{\376\377\000M\000e\000t\000h\000y\000l\000a\000t\000i\000o\000n\000\040\000D\000a\000t\000a\000\040\000R\000e\000p\000r\000e\000s\000e\000n\000t\000a\000t\000i\000o\000n\000\040\000a\000n\000d\000\040\000S\000t\000o\000r\000a\000g\000e}{section.3.2}% 20
\BOOKMARK [2][]{subsection.3.2.3}{\376\377\000P\000h\000e\000n\000o\000t\000y\000p\000e\000\040\000T\000a\000b\000l\000e\000s\000\040\000a\000n\000d\000\040\000L\000a\000b\000e\000l\000\040\000H\000a\000r\000m\000o\000n\000i\000z\000a\000t\000i\000o\000n}{section.3.2}% 21
\BOOKMARK [2][]{subsection.3.2.4}{\376\377\000R\000e\000p\000r\000o\000d\000u\000c\000i\000b\000i\000l\000i\000t\000y\000\040\000a\000n\000d\000\040\000C\000o\000m\000p\000u\000t\000a\000t\000i\000o\000n\000a\000l\000\040\000W\000o\000r\000k\000f\000l\000o\000w}{section.3.2}% 22
\BOOKMARK [1][]{section.3.3}{\376\377\000I\000n\000t\000r\000a\000-\000D\000a\000t\000a\000s\000e\000t\000\040\000E\000x\000p\000l\000o\000r\000a\000t\000i\000o\000n\000\040\000a\000n\000d\000\040\000V\000i\000s\000u\000a\000l\000i\000z\000a\000t\000i\000o\000n}{chapter.3}% 23
\BOOKMARK [2][]{subsection.3.3.1}{\376\377\000D\000a\000t\000a\000s\000e\000t\000\040\000G\000S\000E\0006\0009\0009\0001\0004}{section.3.3}% 24
\BOOKMARK [2][]{subsection.3.3.2}{\376\377\000D\000a\000t\000a\000s\000e\000t\000\040\000G\000S\000E\0002\0002\0005\0008\0004\0005}{section.3.3}% 25
\BOOKMARK [2][]{subsection.3.3.3}{\376\377\000D\000a\000t\000a\000s\000e\000t\000\040\000G\000S\000E\0002\0008\0007\0003\0003\0001}{section.3.3}% 26
\BOOKMARK [1][]{section.3.4}{\376\377\000I\000n\000t\000e\000r\000\040\000D\000a\000t\000a\000s\000e\000t\000\040\000E\000x\000p\000l\000o\000r\000a\000t\000i\000o\000n\000\040\000a\000n\000d\000\040\000C\000o\000m\000p\000a\000r\000i\000s\000o\000n}{chapter.3}% 27
\BOOKMARK [2][]{subsection.3.4.1}{\376\377\000A\000n\000a\000l\000y\000t\000i\000c\000a\000l\000\040\000F\000r\000a\000m\000e\000w\000o\000r\000k}{section.3.4}% 28
\BOOKMARK [2][]{subsection.3.4.2}{\376\377\000C\000r\000o\000s\000s\000-\000D\000a\000t\000a\000s\000e\000t\000\040\000C\000o\000m\000p\000a\000r\000a\000t\000i\000v\000e\000\040\000M\000e\000t\000r\000i\000c}{section.3.4}% 29
\BOOKMARK [2][]{subsection.3.4.3}{\376\377\000V\000i\000s\000u\000a\000l\000\040\000C\000o\000m\000p\000a\000r\000a\000t\000i\000v\000e\000\040\000A\000n\000a\000l\000y\000s\000i\000s}{section.3.4}% 30
\BOOKMARK [1][]{section.3.5}{\376\377\000E\000x\000p\000l\000o\000r\000a\000t\000o\000r\000y\000\040\000F\000i\000n\000d\000i\000n\000g\000s\000\040\000a\000n\000d\000\040\000P\000r\000e\000-\000P\000r\000o\000c\000e\000s\000s\000i\000n\000g\000\040\000I\000m\000p\000l\000i\000c\000a\000t\000i\000o\000n\000s}{chapter.3}% 31
\BOOKMARK [0][]{chapter.4}{\376\377\000D\000a\000t\000a\000\040\000p\000r\000e\000p\000r\000o\000c\000e\000s\000s\000i\000n\000g}{}% 32
\BOOKMARK [1][]{section.4.1}{\376\377\000P\000r\000e\000p\000r\000o\000c\000e\000s\000s\000i\000n\000g\000\040\000R\000a\000t\000i\000o\000n\000a\000l\000e\000\040\000a\000n\000d\000\040\000T\000e\000c\000h\000n\000i\000c\000a\000l\000\040\000C\000o\000n\000s\000t\000r\000a\000i\000n\000t\000s}{chapter.4}% 33
\BOOKMARK [1][]{section.4.2}{\376\377\000G\000e\000n\000e\000r\000a\000l\000\040\000P\000r\000e\000p\000r\000o\000c\000e\000s\000s\000i\000n\000g\000\040\000F\000r\000a\000m\000e\000w\000o\000r\000k}{chapter.4}% 34
\BOOKMARK [2][]{subsection.4.2.1}{\376\377\000S\000t\000r\000u\000c\000t\000u\000r\000a\000l\000\040\000I\000n\000t\000e\000g\000r\000i\000t\000y\000\040\000a\000n\000d\000\040\000C\000o\000h\000o\000r\000t\000\040\000H\000a\000r\000m\000o\000n\000i\000z\000a\000t\000i\000o\000n}{section.4.2}% 35
\BOOKMARK [2][]{subsection.4.2.2}{\376\377\000P\000r\000o\000b\000e\000-\000T\000y\000p\000e\000\040\000B\000i\000a\000s\000\040\000D\000i\000a\000g\000n\000o\000s\000t\000i\000c\000s\000\040\000a\000n\000d\000\040\000C\000o\000r\000r\000e\000c\000t\000i\000o\000n}{section.4.2}% 36
\BOOKMARK [2][]{subsection.4.2.3}{\376\377\000T\000e\000c\000h\000n\000i\000c\000a\000l\000\040\000P\000r\000o\000b\000e\000\040\000F\000i\000l\000t\000e\000r\000i\000n\000g}{section.4.2}% 37
\BOOKMARK [2][]{subsection.4.2.4}{\376\377\000S\000t\000a\000t\000i\000s\000t\000i\000c\000a\000l\000\040\000T\000r\000a\000n\000s\000f\000o\000r\000m\000a\000t\000i\000o\000n\000:\000\040\000-\000t\000o\000-\000M\000\040\000V\000a\000l\000u\000e\000s}{section.4.2}% 38
\BOOKMARK [1][]{section.4.3}{\376\377\000D\000a\000t\000a\000s\000e\000t\000-\000S\000p\000e\000c\000i\000f\000i\000c\000\040\000I\000m\000p\000l\000e\000m\000e\000n\000t\000a\000t\000i\000o\000n}{chapter.4}% 39
\BOOKMARK [2][]{subsection.4.3.1}{\376\377\000D\000a\000t\000a\000s\000e\000t\000\040\000G\000S\000E\0006\0009\0009\0001\0004}{section.4.3}% 40
\BOOKMARK [2][]{subsection.4.3.2}{\376\377\000D\000a\000t\000a\000s\000e\000t\000\040\000G\000S\000E\0002\0002\0005\0008\0004\0005}{section.4.3}% 41
\BOOKMARK [2][]{subsection.4.3.3}{\376\377\000D\000a\000t\000a\000s\000e\000t\000\040\000G\000S\000E\0002\0008\0007\0003\0003\0001}{section.4.3}% 42
\BOOKMARK [1][]{section.4.4}{\376\377\000I\000n\000t\000e\000r\000-\000D\000a\000t\000a\000s\000e\000t\000\040\000C\000o\000n\000s\000i\000s\000t\000e\000n\000c\000y\000\040\000A\000f\000t\000e\000r\000\040\000P\000r\000e\000p\000r\000o\000c\000e\000s\000s\000i\000n\000g}{chapter.4}% 43
\BOOKMARK [1][]{section.4.5}{\376\377\000P\000o\000s\000t\000-\000P\000r\000e\000p\000r\000o\000c\000e\000s\000s\000i\000n\000g\000\040\000F\000e\000a\000t\000u\000r\000e\000\040\000S\000p\000a\000c\000e\000\040\000a\000n\000d\000\040\000D\000i\000m\000e\000n\000s\000i\000o\000n\000a\000l\000i\000t\000y\000\040\000I\000m\000p\000l\000i\000c\000a\000t\000i\000o\000n\000s}{chapter.4}% 44
\BOOKMARK [0][]{chapter.5}{\376\377\000R\000o\000b\000u\000s\000t\000\040\000F\000e\000a\000t\000u\000r\000e\000\040\000S\000e\000l\000e\000c\000t\000i\000o\000n\000\040\000f\000o\000r\000\040\000E\000p\000i\000g\000e\000n\000e\000t\000i\000c\000\040\000D\000r\000i\000f\000t\000\040\000C\000h\000a\000r\000a\000c\000t\000e\000r\000i\000s\000a\000t\000i\000o\000n}{}% 45
\BOOKMARK [1][]{section.5.1}{\376\377\000S\000t\000a\000t\000i\000s\000t\000i\000c\000a\000l\000\040\000C\000h\000a\000l\000l\000e\000n\000g\000e\000s\000\040\000o\000f\000\040\000H\000i\000g\000h\000-\000D\000i\000m\000e\000n\000s\000i\000o\000n\000a\000l\000\040\000D\000N\000A\000\040\000M\000e\000t\000h\000y\000l\000a\000t\000i\000o\000n\000\040\000D\000a\000t\000a}{chapter.5}% 46
\BOOKMARK [2][]{subsection.5.1.1}{\376\377\000S\000t\000r\000u\000c\000t\000u\000r\000a\000l\000\040\000P\000r\000o\000p\000e\000r\000t\000i\000e\000s\000\040\000M\000o\000t\000i\000v\000a\000t\000i\000n\000g\000\040\000F\000e\000a\000t\000u\000r\000e\000\040\000S\000e\000l\000e\000c\000t\000i\000o\000n}{section.5.1}% 47
\BOOKMARK [2][]{subsection.5.1.2}{\376\377\000M\000e\000t\000h\000o\000d\000o\000l\000o\000g\000i\000c\000a\000l\000\040\000C\000h\000a\000l\000l\000e\000n\000g\000e\000s\000\040\000i\000n\000\040\000G\000e\000n\000o\000m\000i\000c\000\040\000F\000e\000a\000t\000u\000r\000e\000\040\000S\000e\000l\000e\000c\000t\000i\000o\000n}{section.5.1}% 48
\BOOKMARK [2][]{subsection.5.1.3}{\376\377\000O\000b\000j\000e\000c\000t\000i\000v\000e\000s\000\040\000o\000f\000\040\000t\000h\000e\000\040\000P\000r\000e\000s\000e\000n\000t\000\040\000F\000r\000a\000m\000e\000w\000o\000r\000k}{section.5.1}% 49
\BOOKMARK [1][]{section.5.2}{\376\377\000G\000e\000n\000e\000r\000a\000l\000\040\000F\000e\000a\000t\000u\000r\000e\000\040\000S\000e\000l\000e\000c\000t\000i\000o\000n\000\040\000F\000r\000a\000m\000e\000w\000o\000r\000k}{chapter.5}% 50
\BOOKMARK [2][]{subsection.5.2.1}{\376\377\000E\000m\000p\000i\000r\000i\000c\000a\000l\000\040\000V\000a\000r\000i\000a\000b\000i\000l\000i\000t\000y\000-\000B\000a\000s\000e\000d\000\040\000D\000i\000m\000e\000n\000s\000i\000o\000n\000a\000l\000i\000t\000y\000\040\000R\000e\000d\000u\000c\000t\000i\000o\000n}{section.5.2}% 51
\BOOKMARK [2][]{subsection.5.2.2}{\376\377\000R\000e\000-\000a\000l\000i\000g\000n\000m\000e\000n\000t\000\040\000t\000o\000\040\000M\000-\000v\000a\000l\000u\000e\000s\000\040\000a\000n\000d\000\040\000R\000e\000s\000i\000d\000u\000a\000l\000\040\000V\000a\000r\000i\000a\000n\000c\000e\000\040\000R\000e\000g\000u\000l\000a\000r\000i\000s\000a\000t\000i\000o\000n}{section.5.2}% 52
\BOOKMARK [2][]{subsection.5.2.3}{\376\377\000B\000i\000o\000l\000o\000g\000i\000c\000a\000l\000l\000y\000\040\000W\000e\000i\000g\000h\000t\000e\000d\000\040\000S\000t\000a\000b\000i\000l\000i\000t\000y\000\040\000S\000e\000l\000e\000c\000t\000i\000o\000n\000\040\000a\000n\000d\000\040\000R\000e\000g\000i\000o\000n\000-\000L\000e\000v\000e\000l\000\040\000C\000o\000n\000s\000o\000l\000i\000d\000a\000t\000i\000o\000n}{section.5.2}% 53
\BOOKMARK [2][]{subsection.5.2.4}{\376\377\000C\000o\000r\000r\000e\000l\000a\000t\000i\000o\000n\000-\000B\000a\000s\000e\000d\000\040\000R\000e\000d\000u\000n\000d\000a\000n\000c\000y\000\040\000P\000r\000u\000n\000i\000n\000g\000\040\000a\000n\000d\000\040\000G\000r\000a\000p\000h\000-\000T\000h\000e\000o\000r\000e\000t\000i\000c\000\040\000C\000l\000u\000s\000t\000e\000r\000i\000n\000g}{section.5.2}% 54
\BOOKMARK [2][]{subsection.5.2.5}{\376\377\000G\000e\000n\000o\000m\000i\000c\000\040\000D\000i\000v\000e\000r\000s\000i\000f\000i\000c\000a\000t\000i\000o\000n\000\040\000v\000i\000a\000\040\000C\000o\000n\000s\000t\000r\000a\000i\000n\000e\000d\000\040\000G\000r\000e\000e\000d\000y\000\040\000S\000e\000l\000e\000c\000t\000i\000o\000n}{section.5.2}% 55
\BOOKMARK [1][]{section.5.3}{\376\377\000D\000a\000t\000a\000s\000e\000t\000-\000S\000p\000e\000c\000i\000f\000i\000c\000\040\000I\000m\000p\000l\000e\000m\000e\000n\000t\000a\000t\000i\000o\000n}{chapter.5}% 56
\BOOKMARK [2][]{subsection.5.3.1}{\376\377\000D\000a\000t\000a\000s\000e\000t\000\040\000G\000S\000E\0006\0009\0009\0001\0004}{section.5.3}% 57
\BOOKMARK [2][]{subsection.5.3.2}{\376\377\000D\000a\000t\000a\000s\000e\000t\000\040\000G\000S\000E\0002\0002\0005\0008\0004\0005}{section.5.3}% 58
\BOOKMARK [2][]{subsection.5.3.3}{\376\377\000D\000a\000t\000a\000s\000e\000t\000\040\000G\000S\000E\0002\0008\0007\0003\0003\0001}{section.5.3}% 59
\BOOKMARK [1][]{section.5.4}{\376\377\000I\000n\000t\000e\000r\000-\000D\000a\000t\000a\000s\000e\000t\000\040\000S\000t\000a\000b\000i\000l\000i\000t\000y\000\040\000o\000f\000\040\000t\000h\000e\000\040\000F\000i\000n\000a\000l\000\040\0005\000,\0000\0000\0000\000\040\000C\000p\000G\000\040\000S\000i\000g\000n\000a\000t\000u\000r\000e\000s}{chapter.5}% 60
\BOOKMARK [2][]{subsection.5.4.1}{\376\377\000S\000e\000t\000-\000L\000e\000v\000e\000l\000\040\000R\000e\000p\000l\000i\000c\000a\000b\000i\000l\000i\000t\000y}{section.5.4}% 61
\BOOKMARK [2][]{subsection.5.4.2}{\376\377\000E\000f\000f\000e\000c\000t\000-\000D\000i\000r\000e\000c\000t\000i\000o\000n\000\040\000C\000o\000n\000c\000o\000r\000d\000a\000n\000c\000e}{section.5.4}% 62
\BOOKMARK [2][]{subsection.5.4.3}{\376\377\000M\000a\000g\000n\000i\000t\000u\000d\000e\000-\000S\000t\000r\000a\000t\000i\000f\000i\000e\000d\000\040\000C\000o\000n\000c\000o\000r\000d\000a\000n\000c\000e}{section.5.4}% 63
\BOOKMARK [2][]{subsection.5.4.4}{\376\377\000C\000r\000o\000s\000s\000-\000D\000a\000t\000a\000s\000e\000t\000\040\000T\000r\000a\000n\000s\000f\000e\000r\000a\000b\000i\000l\000i\000t\000y}{section.5.4}% 64
\BOOKMARK [1][]{section.5.5}{\376\377\000F\000e\000a\000t\000u\000r\000e\000\040\000S\000e\000l\000e\000c\000t\000i\000o\000n\000\040\000O\000u\000t\000c\000o\000m\000e\000s\000\040\000a\000n\000d\000\040\000M\000o\000d\000e\000l\000l\000i\000n\000g\000\040\000I\000m\000p\000l\000i\000c\000a\000t\000i\000o\000n\000s}{chapter.5}% 65
\BOOKMARK [0][]{chapter.6}{\376\377\000P\000r\000e\000d\000i\000c\000t\000i\000v\000e\000\040\000M\000o\000d\000e\000l\000l\000i\000n\000g\000,\000\040\000C\000o\000n\000s\000t\000r\000a\000i\000n\000e\000d\000\040\000S\000e\000l\000e\000c\000t\000i\000o\000n\000\040\000a\000n\000d\000\040\000B\000i\000o\000l\000o\000g\000i\000c\000a\000l\000\040\000I\000n\000t\000e\000r\000p\000r\000e\000t\000a\000t\000i\000o\000n}{}% 66
\BOOKMARK [1][]{section.6.1}{\376\377\000I\000n\000t\000r\000o\000d\000u\000c\000t\000i\000o\000n}{chapter.6}% 67
\BOOKMARK [1][]{section.6.2}{\376\377\000P\000r\000e\000d\000i\000c\000t\000i\000v\000e\000\040\000F\000r\000a\000m\000e\000w\000o\000r\000k}{chapter.6}% 68
\BOOKMARK [2][]{subsection.6.2.1}{\376\377\000I\000n\000t\000r\000a\000-\000D\000a\000t\000a\000s\000e\000t\000\040\000S\000u\000p\000e\000r\000v\000i\000s\000e\000d\000\040\000M\000o\000d\000e\000l\000l\000i\000n\000g}{section.6.2}% 69
\BOOKMARK [2][]{subsection.6.2.2}{\376\377\000C\000r\000o\000s\000s\000-\000D\000a\000t\000a\000s\000e\000t\000\040\000E\000v\000a\000l\000u\000a\000t\000i\000o\000n\000\040\000P\000r\000o\000t\000o\000c\000o\000l}{section.6.2}% 70
\BOOKMARK [2][]{subsection.6.2.3}{\376\377\000C\000o\000n\000s\000t\000r\000a\000i\000n\000e\000d\000\040\000S\000u\000b\000s\000e\000t\000\040\000O\000p\000t\000i\000m\000i\000s\000a\000t\000i\000o\000n\000:\000\040\000K\000n\000a\000p\000s\000a\000c\000k\000\040\000F\000o\000r\000m\000u\000l\000a\000t\000i\000o\000n}{section.6.2}% 71
\BOOKMARK [2][]{subsection.6.2.4}{\376\377\000G\000e\000n\000e\000\040\000S\000e\000t\000\040\000a\000n\000d\000\040\000F\000u\000n\000c\000t\000i\000o\000n\000a\000l\000\040\000E\000n\000r\000i\000c\000h\000m\000e\000n\000t\000\040\000A\000n\000a\000l\000y\000s\000i\000s}{section.6.2}% 72
\BOOKMARK [1][]{section.6.3}{\376\377\000I\000n\000t\000r\000a\000-\000D\000a\000t\000a\000s\000e\000t\000\040\000R\000e\000s\000u\000l\000t\000s}{chapter.6}% 73
\BOOKMARK [2][]{subsection.6.3.1}{\376\377\000D\000a\000t\000a\000s\000e\000t\000\040\000G\000S\000E\0006\0009\0009\0001\0004}{section.6.3}% 74
\BOOKMARK [2][]{subsection.6.3.2}{\376\377\000D\000a\000t\000a\000s\000e\000t\000\040\000G\000S\000E\0002\0002\0005\0008\0004\0005}{section.6.3}% 75
\BOOKMARK [2][]{subsection.6.3.3}{\376\377\000D\000a\000t\000a\000s\000e\000t\000\040\000G\000S\000E\0002\0008\0007\0003\0003\0001}{section.6.3}% 76
\BOOKMARK [1][]{section.6.4}{\376\377\000I\000n\000t\000e\000r\000-\000D\000a\000t\000a\000s\000e\000t\000\040\000R\000e\000s\000u\000l\000t\000s}{chapter.6}% 77
\BOOKMARK [2][]{subsection.6.4.1}{\376\377\000C\000r\000o\000s\000s\000-\000C\000o\000h\000o\000r\000t\000\040\000T\000r\000a\000n\000s\000f\000e\000r\000a\000b\000i\000l\000i\000t\000y\000\040\000o\000f\000\040\000t\000h\000e\000\040\0005\000,\0000\0000\0000\000-\000C\000p\000G\000\040\000P\000a\000n\000e\000l}{section.6.4}% 78
\BOOKMARK [2][]{subsection.6.4.2}{\376\377\000D\000i\000r\000e\000c\000t\000i\000o\000n\000a\000l\000\040\000C\000o\000n\000c\000o\000r\000d\000a\000n\000c\000e\000\040\000a\000n\000d\000\040\000P\000e\000r\000f\000o\000r\000m\000a\000n\000c\000e\000\040\000D\000e\000g\000r\000a\000d\000a\000t\000i\000o\000n}{section.6.4}% 79
\BOOKMARK [2][]{subsection.6.4.3}{\376\377\000C\000r\000o\000s\000s\000-\000D\000a\000t\000a\000s\000e\000t\000\040\000B\000e\000h\000a\000v\000i\000o\000u\000r\000\040\000o\000f\000\040\000t\000h\000e\000\040\0005\0000\000-\000C\000p\000G\000\040\000S\000u\000b\000s\000e\000t}{section.6.4}% 80
\BOOKMARK [1][]{section.6.5}{\376\377\000S\000y\000n\000t\000h\000e\000s\000i\000s\000\040\000a\000n\000d\000\040\000I\000m\000p\000l\000i\000c\000a\000t\000i\000o\000n\000s}{chapter.6}% 81
\BOOKMARK [0][]{chapter.7}{\376\377\000C\000p\000G\000P\000T\000\040\000-\000\040\000e\000s\000t\000e\000n\000s\000i\000o\000n\000e\000\040\000c\000r\000o\000s\000s\000\040\000d\000a\000t\000a\000s\000e\000t}{}% 82
\BOOKMARK [0][]{chapter.8}{\376\377\000C\000o\000n\000c\000l\000u\000s\000i\000o\000n\000\040\000a\000n\000d\000\040\000f\000u\000t\000u\000r\000e\000\040\000w\000o\000r\000k}{}% 83
\BOOKMARK [0][]{appendix.A}{\376\377\000F\000i\000l\000t\000e\000r\000i\000n\000g\000\040\000l\000i\000s\000t\000s}{}% 84
\BOOKMARK [1][]{section.A.1}{\376\377\000P\000r\000o\000b\000e\000\040\000F\000i\000l\000t\000e\000r\000i\000n\000g\000\040\000R\000e\000s\000o\000u\000r\000c\000e\000s}{appendix.A}% 85
\BOOKMARK [2][]{subsection.A.1.1}{\376\377\000N\000a\000e\000e\000m\000\040\000e\000t\000\040\000a\000l\000.\000\040\000\050\0002\0000\0001\0004\000\051}{section.A.1}% 86
\BOOKMARK [2][]{subsection.A.1.2}{\376\377\000C\000h\000e\000n\000\040\000e\000t\000\040\000a\000l\000.\000\040\000\050\0002\0000\0001\0003\000\051}{section.A.1}% 87
\BOOKMARK [2][]{subsection.A.1.3}{\376\377\000P\000i\000d\000s\000l\000e\000y\000\040\000e\000t\000\040\000a\000l\000.\000\040\000\050\0002\0000\0001\0006\000\051}{section.A.1}% 88
\BOOKMARK [2][]{subsection.A.1.4}{\376\377\000Z\000h\000o\000u\000\040\000e\000t\000\040\000a\000l\000.\000\040\000\050\0002\0000\0001\0006\000\051}{section.A.1}% 89
\BOOKMARK [2][]{subsection.A.1.5}{\376\377\000M\000c\000C\000a\000r\000t\000n\000e\000y\000\040\000e\000t\000\040\000a\000l\000.\000\040\000\050\0002\0000\0001\0006\000\051}{section.A.1}% 90
\BOOKMARK [0][]{appendix.B}{\376\377\000E\000x\000t\000e\000n\000s\000i\000o\000n\000\040\000o\000f\000\040\000a\000n\000\040\000E\000m\000p\000i\000r\000i\000c\000a\000l\000l\000y\000\040\000D\000r\000i\000v\000e\000n\000\040\000V\000a\000r\000i\000a\000b\000i\000l\000i\000t\000y\000-\000B\000a\000s\000e\000d\000\040\000F\000i\000l\000t\000e\000r\000i\000n\000g\000\040\000F\000r\000a\000m\000e\000w\000o\000r\000k\000\040\000t\000o\000\040\000B\000r\000e\000a\000s\000t\000\040\000T\000i\000s\000s\000u\000e}{}% 91
\BOOKMARK [1][]{section.B.1}{\376\377\000M\000o\000t\000i\000v\000a\000t\000i\000o\000n\000\040\000a\000n\000d\000\040\000S\000c\000o\000p\000e}{appendix.B}% 92
\BOOKMARK [1][]{section.B.2}{\376\377\000G\000e\000n\000e\000r\000a\000l\000\040\000F\000r\000a\000m\000e\000w\000o\000r\000k\000\040\000f\000o\000r\000\040\000C\000r\000o\000s\000s\000-\000T\000i\000s\000s\000u\000e\000\040\000E\000x\000t\000e\000n\000s\000i\000o\000n}{appendix.B}% 93
\BOOKMARK [1][]{section.B.3}{\376\377\000C\000r\000o\000s\000s\000-\000T\000i\000s\000s\000u\000e\000\040\000O\000v\000e\000r\000l\000a\000p\000\040\000S\000t\000r\000u\000c\000t\000u\000r\000e}{appendix.B}% 94
\BOOKMARK [2][]{subsection.B.3.1}{\376\377\000S\000t\000e\000p\000\040\000A\000:\000\040\000S\000t\000a\000b\000i\000l\000i\000t\000y\000\040\000o\000f\000\040\000N\000o\000n\000-\000V\000a\000r\000i\000a\000b\000l\000e\000\040\000C\000p\000G\000\040\000S\000e\000l\000e\000c\000t\000i\000o\000n}{section.B.3}% 95
\BOOKMARK [2][]{subsection.B.3.2}{\376\377\000S\000t\000e\000p\000\040\000B\000:\000\040\000S\000t\000a\000b\000i\000l\000i\000t\000y\040\023\000D\000i\000m\000e\000n\000s\000i\000o\000n\000a\000l\000i\000t\000y\000\040\000T\000r\000a\000d\000e\000-\000O\000f\000f}{section.B.3}% 96
\BOOKMARK [2][]{subsection.B.3.3}{\376\377\000S\000t\000e\000p\000\040\000C\000:\000\040\000M\000e\000t\000h\000y\000l\000a\000t\000i\000o\000n\000\040\000D\000i\000s\000t\000r\000i\000b\000u\000t\000i\000o\000n\000\040\000o\000f\000\040\000N\000o\000n\000-\000V\000a\000r\000i\000a\000b\000l\000e\000\040\000C\000p\000G\000s}{section.B.3}% 97
\BOOKMARK [2][]{subsection.B.3.4}{\376\377\000S\000t\000e\000p\000\040\000D\000:\000\040\000B\000a\000s\000e\000l\000i\000n\000e\000\040\000V\000a\000r\000i\000a\000b\000i\000l\000i\000t\000y\000\040\000P\000r\000o\000f\000i\000l\000e}{section.B.3}% 98
\BOOKMARK [1][]{section.B.4}{\376\377\000C\000o\000h\000o\000r\000t\000-\000R\000e\000s\000o\000l\000v\000e\000d\000\040\000C\000h\000a\000r\000a\000c\000t\000e\000r\000i\000s\000a\000t\000i\000o\000n\000\040\000o\000f\000\040\000B\000r\000e\000a\000s\000t\000-\000T\000i\000s\000s\000u\000e\000\040\000N\000o\000n\000-\000V\000a\000r\000i\000a\000b\000i\000l\000i\000t\000y}{appendix.B}% 99
\BOOKMARK [2][]{subsection.B.4.1}{\376\377\000E\000m\000p\000i\000r\000i\000c\000a\000l\000\040\000V\000a\000r\000i\000a\000b\000i\000l\000i\000t\000y\000\040\000S\000p\000e\000c\000t\000r\000u\000m\000\040\000A\000c\000r\000o\000s\000s\000\040\000I\000n\000d\000e\000p\000e\000n\000d\000e\000n\000t\000\040\000B\000r\000e\000a\000s\000t\000\040\000C\000o\000h\000o\000r\000t\000s}{section.B.4}% 100
\BOOKMARK [2][]{subsection.B.4.2}{\376\377\000C\000o\000n\000t\000e\000x\000t\000u\000a\000l\000\040\000E\000n\000r\000i\000c\000h\000m\000e\000n\000t\000\040\000P\000r\000o\000f\000i\000l\000e\000\040\000o\000f\000\040\000I\000n\000v\000a\000r\000i\000a\000n\000t\000\040\000C\000p\000G\000s}{section.B.4}% 101
\BOOKMARK [2][]{subsection.B.4.3}{\376\377\000P\000h\000e\000n\000o\000t\000y\000p\000e\000-\000R\000e\000s\000o\000l\000v\000e\000d\000\040\000V\000a\000r\000i\000a\000b\000i\000l\000i\000t\000y\000\040\000C\000o\000n\000c\000o\000r\000d\000a\000n\000c\000e\000\040\000A\000n\000a\000l\000y\000s\000i\000s}{section.B.4}% 102
\BOOKMARK [2][]{subsection.B.4.4}{\376\377\000I\000n\000v\000a\000r\000i\000a\000n\000t\000-\000S\000e\000t\000\040\000P\000a\000r\000t\000i\000t\000i\000o\000n\000i\000n\000g\000\040\000A\000c\000r\000o\000s\000s\000\040\000P\000h\000e\000n\000o\000t\000y\000p\000i\000c\000\040\000C\000o\000m\000b\000i\000n\000a\000t\000i\000o\000n\000s}{section.B.4}% 103
\BOOKMARK [1][]{section.B.5}{\376\377\000P\000o\000s\000i\000t\000i\000o\000n\000i\000n\000g\000\040\000W\000i\000t\000h\000i\000n\000\040\000t\000h\000e\000\040\000T\000h\000e\000s\000i\000s\000\040\000a\000n\000d\000\040\000G\000e\000n\000e\000r\000a\000l\000i\000s\000a\000b\000i\000l\000i\000t\000y}{appendix.B}% 104
\BOOKMARK [0][]{appendix.C}{\376\377\000P\000l\000o\000t\000\040\000c\000a\000p\0006}{}% 105
\BOOKMARK [0][]{appendix.D}{\376\377\000A\000g\000e\000\040\000E\000s\000t\000i\000m\000a\000t\000i\000o\000n}{}% 106
\BOOKMARK [0][]{appendix.D}{\376\377\000B\000i\000b\000l\000i\000o\000g\000r\000a\000p\000h\000y}{}% 107
